[0.285s] DEBUG:colcon:Command line arguments: ['/usr/bin/colcon', 'list', '--base-paths', '../rby1-ros2', '.']
[0.285s] DEBUG:colcon:Parsed command line arguments: Namespace(log_base=None, log_level=None, verb_name='list', build_base='build', ignore_user_meta=False, metas=['./colcon.meta'], base_paths=['../rby1-ros2', '.'], packages_ignore=None, packages_ignore_regex=None, paths=None, packages_up_to=None, packages_up_to_regex=None, packages_above=None, packages_above_and_dependencies=None, packages_above_depth=None, packages_select_by_dep=None, packages_skip_by_dep=None, packages_skip_up_to=None, packages_select_build_failed=False, packages_skip_build_finished=False, packages_select_test_failures=False, packages_skip_test_passed=False, packages_select=None, packages_skip=None, packages_select_regex=None, packages_skip_regex=None, packages_start=None, packages_end=None, allow_overriding=[], topological_order=False, names_only=False, paths_only=False, topological_graph=False, topological_graph_dot=False, topological_graph_density=False, topological_graph_legend=False, topological_graph_dot_cluster=False, topological_graph_dot_include_skipped=False, mixin_files=None, mixin=None, verb_parser=<colcon_mixin.mixin.mixin_argument.MixinArgumentDecorator object at 0x75f35d2a5490>, verb_extension=<colcon_package_information.verb.list.ListVerb object at 0x75f35d4768d0>, main=<bound method ListVerb.main of <colcon_package_information.verb.list.ListVerb object at 0x75f35d4768d0>>, mixin_verb=('list',))
[0.307s] Level 1:colcon.colcon_core.package_discovery:discover_packages(colcon_meta) check parameters
[0.307s] Level 1:colcon.colcon_core.package_discovery:discover_packages(recursive) check parameters
[0.307s] Level 1:colcon.colcon_core.package_discovery:discover_packages(ignore) check parameters
[0.307s] Level 1:colcon.colcon_core.package_discovery:discover_packages(path) check parameters
[0.307s] Level 1:colcon.colcon_core.package_discovery:discover_packages(recursive) discover
[0.307s] INFO:colcon.colcon_core.package_discovery:Crawling recursively for packages in '/home/physrobotics4/rby1_merge_workspace/working/rby1-ros2', '/home/physrobotics4/rby1_merge_workspace/working/rby1_project'
[0.307s] Level 1:colcon.colcon_core.package_identification:_identify(../rby1-ros2) by extensions ['ignore', 'ignore_ament_install']
[0.307s] Level 1:colcon.colcon_core.package_identification:_identify(../rby1-ros2) by extension 'ignore'
[0.307s] Level 1:colcon.colcon_core.package_identification:_identify(../rby1-ros2) by extension 'ignore_ament_install'
[0.307s] Level 1:colcon.colcon_core.package_identification:_identify(../rby1-ros2) by extensions ['colcon_pkg']
[0.307s] Level 1:colcon.colcon_core.package_identification:_identify(../rby1-ros2) by extension 'colcon_pkg'
[0.307s] Level 1:colcon.colcon_core.package_identification:_identify(../rby1-ros2) by extensions ['colcon_meta']
[0.307s] Level 1:colcon.colcon_core.package_identification:_identify(../rby1-ros2) by extension 'colcon_meta'
[0.307s] Level 1:colcon.colcon_core.package_identification:_identify(../rby1-ros2) by extensions ['ros']
[0.307s] Level 1:colcon.colcon_core.package_identification:_identify(../rby1-ros2) by extension 'ros'
[0.318s] Level 1:colcon.colcon_core.package_identification:_identify(../rby1-ros2) by extensions ['cmake', 'python']
[0.319s] Level 1:colcon.colcon_core.package_identification:_identify(../rby1-ros2) by extension 'cmake'
[0.319s] Level 1:colcon.colcon_core.package_identification:_identify(../rby1-ros2) by extension 'python'
[0.319s] Level 1:colcon.colcon_core.package_identification:_identify(../rby1-ros2) by extensions ['python_setup_py']
[0.319s] Level 1:colcon.colcon_core.package_identification:_identify(../rby1-ros2) by extension 'python_setup_py'
[0.319s] Level 1:colcon.colcon_core.package_identification:_identify(../rby1-ros2/Doc) by extensions ['ignore', 'ignore_ament_install']
[0.319s] Level 1:colcon.colcon_core.package_identification:_identify(../rby1-ros2/Doc) by extension 'ignore'
[0.319s] Level 1:colcon.colcon_core.package_identification:_identify(../rby1-ros2/Doc) by extension 'ignore_ament_install'
[0.319s] Level 1:colcon.colcon_core.package_identification:_identify(../rby1-ros2/Doc) by extensions ['colcon_pkg']
[0.319s] Level 1:colcon.colcon_core.package_identification:_identify(../rby1-ros2/Doc) by extension 'colcon_pkg'
[0.319s] Level 1:colcon.colcon_core.package_identification:_identify(../rby1-ros2/Doc) by extensions ['colcon_meta']
[0.319s] Level 1:colcon.colcon_core.package_identification:_identify(../rby1-ros2/Doc) by extension 'colcon_meta'
[0.319s] Level 1:colcon.colcon_core.package_identification:_identify(../rby1-ros2/Doc) by extensions ['ros']
[0.319s] Level 1:colcon.colcon_core.package_identification:_identify(../rby1-ros2/Doc) by extension 'ros'
[0.319s] Level 1:colcon.colcon_core.package_identification:_identify(../rby1-ros2/Doc) by extensions ['cmake', 'python']
[0.319s] Level 1:colcon.colcon_core.package_identification:_identify(../rby1-ros2/Doc) by extension 'cmake'
[0.319s] Level 1:colcon.colcon_core.package_identification:_identify(../rby1-ros2/Doc) by extension 'python'
[0.319s] Level 1:colcon.colcon_core.package_identification:_identify(../rby1-ros2/Doc) by extensions ['python_setup_py']
[0.319s] Level 1:colcon.colcon_core.package_identification:_identify(../rby1-ros2/Doc) by extension 'python_setup_py'
[0.319s] Level 1:colcon.colcon_core.package_identification:_identify(../rby1-ros2/Doc/img) by extensions ['ignore', 'ignore_ament_install']
[0.319s] Level 1:colcon.colcon_core.package_identification:_identify(../rby1-ros2/Doc/img) by extension 'ignore'
[0.319s] Level 1:colcon.colcon_core.package_identification:_identify(../rby1-ros2/Doc/img) by extension 'ignore_ament_install'
[0.319s] Level 1:colcon.colcon_core.package_identification:_identify(../rby1-ros2/Doc/img) by extensions ['colcon_pkg']
[0.319s] Level 1:colcon.colcon_core.package_identification:_identify(../rby1-ros2/Doc/img) by extension 'colcon_pkg'
[0.319s] Level 1:colcon.colcon_core.package_identification:_identify(../rby1-ros2/Doc/img) by extensions ['colcon_meta']
[0.319s] Level 1:colcon.colcon_core.package_identification:_identify(../rby1-ros2/Doc/img) by extension 'colcon_meta'
[0.319s] Level 1:colcon.colcon_core.package_identification:_identify(../rby1-ros2/Doc/img) by extensions ['ros']
[0.319s] Level 1:colcon.colcon_core.package_identification:_identify(../rby1-ros2/Doc/img) by extension 'ros'
[0.319s] Level 1:colcon.colcon_core.package_identification:_identify(../rby1-ros2/Doc/img) by extensions ['cmake', 'python']
[0.319s] Level 1:colcon.colcon_core.package_identification:_identify(../rby1-ros2/Doc/img) by extension 'cmake'
[0.319s] Level 1:colcon.colcon_core.package_identification:_identify(../rby1-ros2/Doc/img) by extension 'python'
[0.319s] Level 1:colcon.colcon_core.package_identification:_identify(../rby1-ros2/Doc/img) by extensions ['python_setup_py']
[0.319s] Level 1:colcon.colcon_core.package_identification:_identify(../rby1-ros2/Doc/img) by extension 'python_setup_py'
[0.319s] Level 1:colcon.colcon_core.package_identification:_identify(../rby1-ros2/rby1_description) by extensions ['ignore', 'ignore_ament_install']
[0.319s] Level 1:colcon.colcon_core.package_identification:_identify(../rby1-ros2/rby1_description) by extension 'ignore'
[0.319s] Level 1:colcon.colcon_core.package_identification:_identify(../rby1-ros2/rby1_description) by extension 'ignore_ament_install'
[0.319s] Level 1:colcon.colcon_core.package_identification:_identify(../rby1-ros2/rby1_description) by extensions ['colcon_pkg']
[0.319s] Level 1:colcon.colcon_core.package_identification:_identify(../rby1-ros2/rby1_description) by extension 'colcon_pkg'
[0.319s] Level 1:colcon.colcon_core.package_identification:_identify(../rby1-ros2/rby1_description) by extensions ['colcon_meta']
[0.319s] Level 1:colcon.colcon_core.package_identification:_identify(../rby1-ros2/rby1_description) by extension 'colcon_meta'
[0.319s] Level 1:colcon.colcon_core.package_identification:_identify(../rby1-ros2/rby1_description) by extensions ['ros']
[0.319s] Level 1:colcon.colcon_core.package_identification:_identify(../rby1-ros2/rby1_description) by extension 'ros'
[0.320s] DEBUG:colcon.colcon_core.package_identification:Package '../rby1-ros2/rby1_description' with type 'ros.ament_cmake' and name 'rby1_description'
[0.320s] Level 1:colcon.colcon_core.package_identification:_identify(../rby1-ros2/rby1_driver) by extensions ['ignore', 'ignore_ament_install']
[0.320s] Level 1:colcon.colcon_core.package_identification:_identify(../rby1-ros2/rby1_driver) by extension 'ignore'
[0.320s] Level 1:colcon.colcon_core.package_identification:_identify(../rby1-ros2/rby1_driver) by extension 'ignore_ament_install'
[0.320s] Level 1:colcon.colcon_core.package_identification:_identify(../rby1-ros2/rby1_driver) by extensions ['colcon_pkg']
[0.320s] Level 1:colcon.colcon_core.package_identification:_identify(../rby1-ros2/rby1_driver) by extension 'colcon_pkg'
[0.320s] Level 1:colcon.colcon_core.package_identification:_identify(../rby1-ros2/rby1_driver) by extensions ['colcon_meta']
[0.320s] Level 1:colcon.colcon_core.package_identification:_identify(../rby1-ros2/rby1_driver) by extension 'colcon_meta'
[0.320s] Level 1:colcon.colcon_core.package_identification:_identify(../rby1-ros2/rby1_driver) by extensions ['ros']
[0.321s] Level 1:colcon.colcon_core.package_identification:_identify(../rby1-ros2/rby1_driver) by extension 'ros'
[0.321s] DEBUG:colcon.colcon_core.package_identification:Package '../rby1-ros2/rby1_driver' with type 'ros.ament_cmake' and name 'rby1_driver'
[0.321s] Level 1:colcon.colcon_core.package_identification:_identify(../rby1-ros2/rby1_examples) by extensions ['ignore', 'ignore_ament_install']
[0.321s] Level 1:colcon.colcon_core.package_identification:_identify(../rby1-ros2/rby1_examples) by extension 'ignore'
[0.321s] Level 1:colcon.colcon_core.package_identification:_identify(../rby1-ros2/rby1_examples) by extension 'ignore_ament_install'
[0.321s] Level 1:colcon.colcon_core.package_identification:_identify(../rby1-ros2/rby1_examples) by extensions ['colcon_pkg']
[0.321s] Level 1:colcon.colcon_core.package_identification:_identify(../rby1-ros2/rby1_examples) by extension 'colcon_pkg'
[0.321s] Level 1:colcon.colcon_core.package_identification:_identify(../rby1-ros2/rby1_examples) by extensions ['colcon_meta']
[0.321s] Level 1:colcon.colcon_core.package_identification:_identify(../rby1-ros2/rby1_examples) by extension 'colcon_meta'
[0.321s] Level 1:colcon.colcon_core.package_identification:_identify(../rby1-ros2/rby1_examples) by extensions ['ros']
[0.321s] Level 1:colcon.colcon_core.package_identification:_identify(../rby1-ros2/rby1_examples) by extension 'ros'
[0.321s] DEBUG:colcon.colcon_core.package_identification:Package '../rby1-ros2/rby1_examples' with type 'ros.ament_python' and name 'rby1_examples'
[0.321s] Level 1:colcon.colcon_core.package_identification:_identify(../rby1-ros2/rby1_hardware) by extensions ['ignore', 'ignore_ament_install']
[0.321s] Level 1:colcon.colcon_core.package_identification:_identify(../rby1-ros2/rby1_hardware) by extension 'ignore'
[0.321s] Level 1:colcon.colcon_core.package_identification:_identify(../rby1-ros2/rby1_hardware) by extension 'ignore_ament_install'
[0.321s] Level 1:colcon.colcon_core.package_identification:_identify(../rby1-ros2/rby1_hardware) by extensions ['colcon_pkg']
[0.321s] Level 1:colcon.colcon_core.package_identification:_identify(../rby1-ros2/rby1_hardware) by extension 'colcon_pkg'
[0.321s] Level 1:colcon.colcon_core.package_identification:_identify(../rby1-ros2/rby1_hardware) by extensions ['colcon_meta']
[0.322s] Level 1:colcon.colcon_core.package_identification:_identify(../rby1-ros2/rby1_hardware) by extension 'colcon_meta'
[0.322s] Level 1:colcon.colcon_core.package_identification:_identify(../rby1-ros2/rby1_hardware) by extensions ['ros']
[0.322s] Level 1:colcon.colcon_core.package_identification:_identify(../rby1-ros2/rby1_hardware) by extension 'ros'
[0.322s] DEBUG:colcon.colcon_core.package_identification:Package '../rby1-ros2/rby1_hardware' with type 'ros.ament_cmake' and name 'rby1_hardware'
[0.322s] Level 1:colcon.colcon_core.package_identification:_identify(../rby1-ros2/rby1_moveit) by extensions ['ignore', 'ignore_ament_install']
[0.322s] Level 1:colcon.colcon_core.package_identification:_identify(../rby1-ros2/rby1_moveit) by extension 'ignore'
[0.322s] Level 1:colcon.colcon_core.package_identification:_identify(../rby1-ros2/rby1_moveit) by extension 'ignore_ament_install'
[0.322s] Level 1:colcon.colcon_core.package_identification:_identify(../rby1-ros2/rby1_moveit) by extensions ['colcon_pkg']
[0.322s] Level 1:colcon.colcon_core.package_identification:_identify(../rby1-ros2/rby1_moveit) by extension 'colcon_pkg'
[0.322s] Level 1:colcon.colcon_core.package_identification:_identify(../rby1-ros2/rby1_moveit) by extensions ['colcon_meta']
[0.322s] Level 1:colcon.colcon_core.package_identification:_identify(../rby1-ros2/rby1_moveit) by extension 'colcon_meta'
[0.322s] Level 1:colcon.colcon_core.package_identification:_identify(../rby1-ros2/rby1_moveit) by extensions ['ros']
[0.322s] Level 1:colcon.colcon_core.package_identification:_identify(../rby1-ros2/rby1_moveit) by extension 'ros'
[0.322s] Level 1:colcon.colcon_core.package_identification:_identify(../rby1-ros2/rby1_moveit) by extensions ['cmake', 'python']
[0.322s] Level 1:colcon.colcon_core.package_identification:_identify(../rby1-ros2/rby1_moveit) by extension 'cmake'
[0.322s] Level 1:colcon.colcon_core.package_identification:_identify(../rby1-ros2/rby1_moveit) by extension 'python'
[0.322s] Level 1:colcon.colcon_core.package_identification:_identify(../rby1-ros2/rby1_moveit) by extensions ['python_setup_py']
[0.322s] Level 1:colcon.colcon_core.package_identification:_identify(../rby1-ros2/rby1_moveit) by extension 'python_setup_py'
[0.322s] Level 1:colcon.colcon_core.package_identification:_identify(../rby1-ros2/rby1_moveit/rby1_moveit_a_1_0) by extensions ['ignore', 'ignore_ament_install']
[0.322s] Level 1:colcon.colcon_core.package_identification:_identify(../rby1-ros2/rby1_moveit/rby1_moveit_a_1_0) by extension 'ignore'
[0.322s] Level 1:colcon.colcon_core.package_identification:_identify(../rby1-ros2/rby1_moveit/rby1_moveit_a_1_0) by extension 'ignore_ament_install'
[0.322s] Level 1:colcon.colcon_core.package_identification:_identify(../rby1-ros2/rby1_moveit/rby1_moveit_a_1_0) by extensions ['colcon_pkg']
[0.322s] Level 1:colcon.colcon_core.package_identification:_identify(../rby1-ros2/rby1_moveit/rby1_moveit_a_1_0) by extension 'colcon_pkg'
[0.322s] Level 1:colcon.colcon_core.package_identification:_identify(../rby1-ros2/rby1_moveit/rby1_moveit_a_1_0) by extensions ['colcon_meta']
[0.322s] Level 1:colcon.colcon_core.package_identification:_identify(../rby1-ros2/rby1_moveit/rby1_moveit_a_1_0) by extension 'colcon_meta'
[0.322s] Level 1:colcon.colcon_core.package_identification:_identify(../rby1-ros2/rby1_moveit/rby1_moveit_a_1_0) by extensions ['ros']
[0.322s] Level 1:colcon.colcon_core.package_identification:_identify(../rby1-ros2/rby1_moveit/rby1_moveit_a_1_0) by extension 'ros'
[0.323s] DEBUG:colcon.colcon_core.package_identification:Package '../rby1-ros2/rby1_moveit/rby1_moveit_a_1_0' with type 'ros.ament_cmake' and name 'rby1_moveit_a_1_0'
[0.323s] Level 1:colcon.colcon_core.package_identification:_identify(../rby1-ros2/rby1_moveit/rby1_moveit_a_1_1) by extensions ['ignore', 'ignore_ament_install']
[0.323s] Level 1:colcon.colcon_core.package_identification:_identify(../rby1-ros2/rby1_moveit/rby1_moveit_a_1_1) by extension 'ignore'
[0.323s] Level 1:colcon.colcon_core.package_identification:_identify(../rby1-ros2/rby1_moveit/rby1_moveit_a_1_1) by extension 'ignore_ament_install'
[0.323s] Level 1:colcon.colcon_core.package_identification:_identify(../rby1-ros2/rby1_moveit/rby1_moveit_a_1_1) by extensions ['colcon_pkg']
[0.323s] Level 1:colcon.colcon_core.package_identification:_identify(../rby1-ros2/rby1_moveit/rby1_moveit_a_1_1) by extension 'colcon_pkg'
[0.323s] Level 1:colcon.colcon_core.package_identification:_identify(../rby1-ros2/rby1_moveit/rby1_moveit_a_1_1) by extensions ['colcon_meta']
[0.323s] Level 1:colcon.colcon_core.package_identification:_identify(../rby1-ros2/rby1_moveit/rby1_moveit_a_1_1) by extension 'colcon_meta'
[0.323s] Level 1:colcon.colcon_core.package_identification:_identify(../rby1-ros2/rby1_moveit/rby1_moveit_a_1_1) by extensions ['ros']
[0.323s] Level 1:colcon.colcon_core.package_identification:_identify(../rby1-ros2/rby1_moveit/rby1_moveit_a_1_1) by extension 'ros'
[0.323s] DEBUG:colcon.colcon_core.package_identification:Package '../rby1-ros2/rby1_moveit/rby1_moveit_a_1_1' with type 'ros.ament_cmake' and name 'rby1_moveit_a_1_1'
[0.323s] Level 1:colcon.colcon_core.package_identification:_identify(../rby1-ros2/rby1_moveit/rby1_moveit_a_1_2) by extensions ['ignore', 'ignore_ament_install']
[0.323s] Level 1:colcon.colcon_core.package_identification:_identify(../rby1-ros2/rby1_moveit/rby1_moveit_a_1_2) by extension 'ignore'
[0.323s] Level 1:colcon.colcon_core.package_identification:_identify(../rby1-ros2/rby1_moveit/rby1_moveit_a_1_2) by extension 'ignore_ament_install'
[0.323s] Level 1:colcon.colcon_core.package_identification:_identify(../rby1-ros2/rby1_moveit/rby1_moveit_a_1_2) by extensions ['colcon_pkg']
[0.323s] Level 1:colcon.colcon_core.package_identification:_identify(../rby1-ros2/rby1_moveit/rby1_moveit_a_1_2) by extension 'colcon_pkg'
[0.323s] Level 1:colcon.colcon_core.package_identification:_identify(../rby1-ros2/rby1_moveit/rby1_moveit_a_1_2) by extensions ['colcon_meta']
[0.323s] Level 1:colcon.colcon_core.package_identification:_identify(../rby1-ros2/rby1_moveit/rby1_moveit_a_1_2) by extension 'colcon_meta'
[0.323s] Level 1:colcon.colcon_core.package_identification:_identify(../rby1-ros2/rby1_moveit/rby1_moveit_a_1_2) by extensions ['ros']
[0.323s] Level 1:colcon.colcon_core.package_identification:_identify(../rby1-ros2/rby1_moveit/rby1_moveit_a_1_2) by extension 'ros'
[0.324s] DEBUG:colcon.colcon_core.package_identification:Package '../rby1-ros2/rby1_moveit/rby1_moveit_a_1_2' with type 'ros.ament_cmake' and name 'rby1_moveit_a_1_2'
[0.324s] Level 1:colcon.colcon_core.package_identification:_identify(../rby1-ros2/rby1_moveit/rby1_moveit_m_1_0) by extensions ['ignore', 'ignore_ament_install']
[0.324s] Level 1:colcon.colcon_core.package_identification:_identify(../rby1-ros2/rby1_moveit/rby1_moveit_m_1_0) by extension 'ignore'
[0.324s] Level 1:colcon.colcon_core.package_identification:_identify(../rby1-ros2/rby1_moveit/rby1_moveit_m_1_0) by extension 'ignore_ament_install'
[0.324s] Level 1:colcon.colcon_core.package_identification:_identify(../rby1-ros2/rby1_moveit/rby1_moveit_m_1_0) by extensions ['colcon_pkg']
[0.324s] Level 1:colcon.colcon_core.package_identification:_identify(../rby1-ros2/rby1_moveit/rby1_moveit_m_1_0) by extension 'colcon_pkg'
[0.324s] Level 1:colcon.colcon_core.package_identification:_identify(../rby1-ros2/rby1_moveit/rby1_moveit_m_1_0) by extensions ['colcon_meta']
[0.324s] Level 1:colcon.colcon_core.package_identification:_identify(../rby1-ros2/rby1_moveit/rby1_moveit_m_1_0) by extension 'colcon_meta'
[0.324s] Level 1:colcon.colcon_core.package_identification:_identify(../rby1-ros2/rby1_moveit/rby1_moveit_m_1_0) by extensions ['ros']
[0.324s] Level 1:colcon.colcon_core.package_identification:_identify(../rby1-ros2/rby1_moveit/rby1_moveit_m_1_0) by extension 'ros'
[0.324s] DEBUG:colcon.colcon_core.package_identification:Package '../rby1-ros2/rby1_moveit/rby1_moveit_m_1_0' with type 'ros.ament_cmake' and name 'rby1_moveit_m_1_0'
[0.324s] Level 1:colcon.colcon_core.package_identification:_identify(../rby1-ros2/rby1_moveit/rby1_moveit_m_1_1) by extensions ['ignore', 'ignore_ament_install']
[0.324s] Level 1:colcon.colcon_core.package_identification:_identify(../rby1-ros2/rby1_moveit/rby1_moveit_m_1_1) by extension 'ignore'
[0.324s] Level 1:colcon.colcon_core.package_identification:_identify(../rby1-ros2/rby1_moveit/rby1_moveit_m_1_1) by extension 'ignore_ament_install'
[0.324s] Level 1:colcon.colcon_core.package_identification:_identify(../rby1-ros2/rby1_moveit/rby1_moveit_m_1_1) by extensions ['colcon_pkg']
[0.324s] Level 1:colcon.colcon_core.package_identification:_identify(../rby1-ros2/rby1_moveit/rby1_moveit_m_1_1) by extension 'colcon_pkg'
[0.324s] Level 1:colcon.colcon_core.package_identification:_identify(../rby1-ros2/rby1_moveit/rby1_moveit_m_1_1) by extensions ['colcon_meta']
[0.324s] Level 1:colcon.colcon_core.package_identification:_identify(../rby1-ros2/rby1_moveit/rby1_moveit_m_1_1) by extension 'colcon_meta'
[0.324s] Level 1:colcon.colcon_core.package_identification:_identify(../rby1-ros2/rby1_moveit/rby1_moveit_m_1_1) by extensions ['ros']
[0.324s] Level 1:colcon.colcon_core.package_identification:_identify(../rby1-ros2/rby1_moveit/rby1_moveit_m_1_1) by extension 'ros'
[0.324s] DEBUG:colcon.colcon_core.package_identification:Package '../rby1-ros2/rby1_moveit/rby1_moveit_m_1_1' with type 'ros.ament_cmake' and name 'rby1_moveit_m_1_1'
[0.324s] Level 1:colcon.colcon_core.package_identification:_identify(../rby1-ros2/rby1_moveit/rby1_moveit_m_1_2) by extensions ['ignore', 'ignore_ament_install']
[0.324s] Level 1:colcon.colcon_core.package_identification:_identify(../rby1-ros2/rby1_moveit/rby1_moveit_m_1_2) by extension 'ignore'
[0.325s] Level 1:colcon.colcon_core.package_identification:_identify(../rby1-ros2/rby1_moveit/rby1_moveit_m_1_2) by extension 'ignore_ament_install'
[0.325s] Level 1:colcon.colcon_core.package_identification:_identify(../rby1-ros2/rby1_moveit/rby1_moveit_m_1_2) by extensions ['colcon_pkg']
[0.325s] Level 1:colcon.colcon_core.package_identification:_identify(../rby1-ros2/rby1_moveit/rby1_moveit_m_1_2) by extension 'colcon_pkg'
[0.325s] Level 1:colcon.colcon_core.package_identification:_identify(../rby1-ros2/rby1_moveit/rby1_moveit_m_1_2) by extensions ['colcon_meta']
[0.325s] Level 1:colcon.colcon_core.package_identification:_identify(../rby1-ros2/rby1_moveit/rby1_moveit_m_1_2) by extension 'colcon_meta'
[0.325s] Level 1:colcon.colcon_core.package_identification:_identify(../rby1-ros2/rby1_moveit/rby1_moveit_m_1_2) by extensions ['ros']
[0.325s] Level 1:colcon.colcon_core.package_identification:_identify(../rby1-ros2/rby1_moveit/rby1_moveit_m_1_2) by extension 'ros'
[0.325s] DEBUG:colcon.colcon_core.package_identification:Package '../rby1-ros2/rby1_moveit/rby1_moveit_m_1_2' with type 'ros.ament_cmake' and name 'rby1_moveit_m_1_2'
[0.325s] Level 1:colcon.colcon_core.package_identification:_identify(../rby1-ros2/rby1_moveit/rby1_moveit_m_1_3) by extensions ['ignore', 'ignore_ament_install']
[0.325s] Level 1:colcon.colcon_core.package_identification:_identify(../rby1-ros2/rby1_moveit/rby1_moveit_m_1_3) by extension 'ignore'
[0.325s] Level 1:colcon.colcon_core.package_identification:_identify(../rby1-ros2/rby1_moveit/rby1_moveit_m_1_3) by extension 'ignore_ament_install'
[0.325s] Level 1:colcon.colcon_core.package_identification:_identify(../rby1-ros2/rby1_moveit/rby1_moveit_m_1_3) by extensions ['colcon_pkg']
[0.325s] Level 1:colcon.colcon_core.package_identification:_identify(../rby1-ros2/rby1_moveit/rby1_moveit_m_1_3) by extension 'colcon_pkg'
[0.325s] Level 1:colcon.colcon_core.package_identification:_identify(../rby1-ros2/rby1_moveit/rby1_moveit_m_1_3) by extensions ['colcon_meta']
[0.325s] Level 1:colcon.colcon_core.package_identification:_identify(../rby1-ros2/rby1_moveit/rby1_moveit_m_1_3) by extension 'colcon_meta'
[0.325s] Level 1:colcon.colcon_core.package_identification:_identify(../rby1-ros2/rby1_moveit/rby1_moveit_m_1_3) by extensions ['ros']
[0.325s] Level 1:colcon.colcon_core.package_identification:_identify(../rby1-ros2/rby1_moveit/rby1_moveit_m_1_3) by extension 'ros'
[0.325s] DEBUG:colcon.colcon_core.package_identification:Package '../rby1-ros2/rby1_moveit/rby1_moveit_m_1_3' with type 'ros.ament_cmake' and name 'rby1_moveit_m_1_3'
[0.325s] Level 1:colcon.colcon_core.package_identification:_identify(../rby1-ros2/rby1_msgs) by extensions ['ignore', 'ignore_ament_install']
[0.325s] Level 1:colcon.colcon_core.package_identification:_identify(../rby1-ros2/rby1_msgs) by extension 'ignore'
[0.325s] Level 1:colcon.colcon_core.package_identification:_identify(../rby1-ros2/rby1_msgs) by extension 'ignore_ament_install'
[0.325s] Level 1:colcon.colcon_core.package_identification:_identify(../rby1-ros2/rby1_msgs) by extensions ['colcon_pkg']
[0.325s] Level 1:colcon.colcon_core.package_identification:_identify(../rby1-ros2/rby1_msgs) by extension 'colcon_pkg'
[0.325s] Level 1:colcon.colcon_core.package_identification:_identify(../rby1-ros2/rby1_msgs) by extensions ['colcon_meta']
[0.325s] Level 1:colcon.colcon_core.package_identification:_identify(../rby1-ros2/rby1_msgs) by extension 'colcon_meta'
[0.326s] Level 1:colcon.colcon_core.package_identification:_identify(../rby1-ros2/rby1_msgs) by extensions ['ros']
[0.326s] Level 1:colcon.colcon_core.package_identification:_identify(../rby1-ros2/rby1_msgs) by extension 'ros'
[0.326s] DEBUG:colcon.colcon_core.package_identification:Package '../rby1-ros2/rby1_msgs' with type 'ros.ament_cmake' and name 'rby1_msgs'
[0.326s] Level 1:colcon.colcon_core.package_identification:_identify(.) by extensions ['ignore', 'ignore_ament_install']
[0.326s] Level 1:colcon.colcon_core.package_identification:_identify(.) by extension 'ignore'
[0.326s] Level 1:colcon.colcon_core.package_identification:_identify(.) by extension 'ignore_ament_install'
[0.326s] Level 1:colcon.colcon_core.package_identification:_identify(.) by extensions ['colcon_pkg']
[0.326s] Level 1:colcon.colcon_core.package_identification:_identify(.) by extension 'colcon_pkg'
[0.326s] Level 1:colcon.colcon_core.package_identification:_identify(.) by extensions ['colcon_meta']
[0.326s] Level 1:colcon.colcon_core.package_identification:_identify(.) by extension 'colcon_meta'
[0.326s] Level 1:colcon.colcon_core.package_identification:_identify(.) by extensions ['ros']
[0.326s] Level 1:colcon.colcon_core.package_identification:_identify(.) by extension 'ros'
[0.326s] Level 1:colcon.colcon_core.package_identification:_identify(.) by extensions ['cmake', 'python']
[0.326s] Level 1:colcon.colcon_core.package_identification:_identify(.) by extension 'cmake'
[0.326s] Level 1:colcon.colcon_core.package_identification:_identify(.) by extension 'python'
[0.326s] Level 1:colcon.colcon_core.package_identification:_identify(.) by extensions ['python_setup_py']
[0.326s] Level 1:colcon.colcon_core.package_identification:_identify(.) by extension 'python_setup_py'
[0.326s] Level 1:colcon.colcon_core.package_identification:_identify(log) by extensions ['ignore', 'ignore_ament_install']
[0.326s] Level 1:colcon.colcon_core.package_identification:_identify(log) by extension 'ignore'
[0.326s] Level 1:colcon.colcon_core.package_identification:_identify(log) ignored
[0.326s] Level 1:colcon.colcon_core.package_identification:_identify(rby1_bringup) by extensions ['ignore', 'ignore_ament_install']
[0.326s] Level 1:colcon.colcon_core.package_identification:_identify(rby1_bringup) by extension 'ignore'
[0.326s] Level 1:colcon.colcon_core.package_identification:_identify(rby1_bringup) by extension 'ignore_ament_install'
[0.326s] Level 1:colcon.colcon_core.package_identification:_identify(rby1_bringup) by extensions ['colcon_pkg']
[0.326s] Level 1:colcon.colcon_core.package_identification:_identify(rby1_bringup) by extension 'colcon_pkg'
[0.326s] Level 1:colcon.colcon_core.package_identification:_identify(rby1_bringup) by extensions ['colcon_meta']
[0.326s] Level 1:colcon.colcon_core.package_identification:_identify(rby1_bringup) by extension 'colcon_meta'
[0.326s] Level 1:colcon.colcon_core.package_identification:_identify(rby1_bringup) by extensions ['ros']
[0.326s] Level 1:colcon.colcon_core.package_identification:_identify(rby1_bringup) by extension 'ros'
[0.326s] DEBUG:colcon.colcon_core.package_identification:Package 'rby1_bringup' with type 'ros.ament_cmake' and name 'rby1_bringup'
[0.326s] Level 1:colcon.colcon_core.package_identification:_identify(rby1_camera) by extensions ['ignore', 'ignore_ament_install']
[0.326s] Level 1:colcon.colcon_core.package_identification:_identify(rby1_camera) by extension 'ignore'
[0.326s] Level 1:colcon.colcon_core.package_identification:_identify(rby1_camera) by extension 'ignore_ament_install'
[0.326s] Level 1:colcon.colcon_core.package_identification:_identify(rby1_camera) by extensions ['colcon_pkg']
[0.326s] Level 1:colcon.colcon_core.package_identification:_identify(rby1_camera) by extension 'colcon_pkg'
[0.327s] Level 1:colcon.colcon_core.package_identification:_identify(rby1_camera) by extensions ['colcon_meta']
[0.327s] Level 1:colcon.colcon_core.package_identification:_identify(rby1_camera) by extension 'colcon_meta'
[0.327s] Level 1:colcon.colcon_core.package_identification:_identify(rby1_camera) by extensions ['ros']
[0.327s] Level 1:colcon.colcon_core.package_identification:_identify(rby1_camera) by extension 'ros'
[0.327s] DEBUG:colcon.colcon_core.package_identification:Package 'rby1_camera' with type 'ros.ament_cmake' and name 'rby1_camera'
[0.327s] Level 1:colcon.colcon_core.package_identification:_identify(rby1_control) by extensions ['ignore', 'ignore_ament_install']
[0.327s] Level 1:colcon.colcon_core.package_identification:_identify(rby1_control) by extension 'ignore'
[0.327s] Level 1:colcon.colcon_core.package_identification:_identify(rby1_control) by extension 'ignore_ament_install'
[0.327s] Level 1:colcon.colcon_core.package_identification:_identify(rby1_control) by extensions ['colcon_pkg']
[0.327s] Level 1:colcon.colcon_core.package_identification:_identify(rby1_control) by extension 'colcon_pkg'
[0.327s] Level 1:colcon.colcon_core.package_identification:_identify(rby1_control) by extensions ['colcon_meta']
[0.327s] Level 1:colcon.colcon_core.package_identification:_identify(rby1_control) by extension 'colcon_meta'
[0.327s] Level 1:colcon.colcon_core.package_identification:_identify(rby1_control) by extensions ['ros']
[0.327s] Level 1:colcon.colcon_core.package_identification:_identify(rby1_control) by extension 'ros'
[0.327s] DEBUG:colcon.colcon_core.package_identification:Package 'rby1_control' with type 'ros.ament_python' and name 'rby1_control'
[0.327s] Level 1:colcon.colcon_core.package_identification:_identify(rby1_interface) by extensions ['ignore', 'ignore_ament_install']
[0.327s] Level 1:colcon.colcon_core.package_identification:_identify(rby1_interface) by extension 'ignore'
[0.327s] Level 1:colcon.colcon_core.package_identification:_identify(rby1_interface) by extension 'ignore_ament_install'
[0.327s] Level 1:colcon.colcon_core.package_identification:_identify(rby1_interface) by extensions ['colcon_pkg']
[0.327s] Level 1:colcon.colcon_core.package_identification:_identify(rby1_interface) by extension 'colcon_pkg'
[0.327s] Level 1:colcon.colcon_core.package_identification:_identify(rby1_interface) by extensions ['colcon_meta']
[0.327s] Level 1:colcon.colcon_core.package_identification:_identify(rby1_interface) by extension 'colcon_meta'
[0.327s] Level 1:colcon.colcon_core.package_identification:_identify(rby1_interface) by extensions ['ros']
[0.327s] Level 1:colcon.colcon_core.package_identification:_identify(rby1_interface) by extension 'ros'
[0.327s] DEBUG:colcon.colcon_core.package_identification:Package 'rby1_interface' with type 'ros.ament_cmake' and name 'rby1_interface'
[0.327s] Level 1:colcon.colcon_core.package_identification:_identify(rby1_navigation) by extensions ['ignore', 'ignore_ament_install']
[0.328s] Level 1:colcon.colcon_core.package_identification:_identify(rby1_navigation) by extension 'ignore'
[0.328s] Level 1:colcon.colcon_core.package_identification:_identify(rby1_navigation) by extension 'ignore_ament_install'
[0.328s] Level 1:colcon.colcon_core.package_identification:_identify(rby1_navigation) by extensions ['colcon_pkg']
[0.328s] Level 1:colcon.colcon_core.package_identification:_identify(rby1_navigation) by extension 'colcon_pkg'
[0.328s] Level 1:colcon.colcon_core.package_identification:_identify(rby1_navigation) by extensions ['colcon_meta']
[0.328s] Level 1:colcon.colcon_core.package_identification:_identify(rby1_navigation) by extension 'colcon_meta'
[0.328s] Level 1:colcon.colcon_core.package_identification:_identify(rby1_navigation) by extensions ['ros']
[0.328s] Level 1:colcon.colcon_core.package_identification:_identify(rby1_navigation) by extension 'ros'
[0.328s] DEBUG:colcon.colcon_core.package_identification:Package 'rby1_navigation' with type 'ros.ament_python' and name 'rby1_navigation'
[0.328s] Level 1:colcon.colcon_core.package_identification:_identify(rby1_planner) by extensions ['ignore', 'ignore_ament_install']
[0.328s] Level 1:colcon.colcon_core.package_identification:_identify(rby1_planner) by extension 'ignore'
[0.328s] Level 1:colcon.colcon_core.package_identification:_identify(rby1_planner) by extension 'ignore_ament_install'
[0.328s] Level 1:colcon.colcon_core.package_identification:_identify(rby1_planner) by extensions ['colcon_pkg']
[0.328s] Level 1:colcon.colcon_core.package_identification:_identify(rby1_planner) by extension 'colcon_pkg'
[0.328s] Level 1:colcon.colcon_core.package_identification:_identify(rby1_planner) by extensions ['colcon_meta']
[0.328s] Level 1:colcon.colcon_core.package_identification:_identify(rby1_planner) by extension 'colcon_meta'
[0.328s] Level 1:colcon.colcon_core.package_identification:_identify(rby1_planner) by extensions ['ros']
[0.328s] Level 1:colcon.colcon_core.package_identification:_identify(rby1_planner) by extension 'ros'
[0.328s] DEBUG:colcon.colcon_core.package_identification:Package 'rby1_planner' with type 'ros.ament_python' and name 'rby1_planner'
[0.328s] Level 1:colcon.colcon_core.package_identification:_identify(robot_hardware) by extensions ['ignore', 'ignore_ament_install']
[0.328s] Level 1:colcon.colcon_core.package_identification:_identify(robot_hardware) by extension 'ignore'
[0.328s] Level 1:colcon.colcon_core.package_identification:_identify(robot_hardware) by extension 'ignore_ament_install'
[0.328s] Level 1:colcon.colcon_core.package_identification:_identify(robot_hardware) by extensions ['colcon_pkg']
[0.328s] Level 1:colcon.colcon_core.package_identification:_identify(robot_hardware) by extension 'colcon_pkg'
[0.328s] Level 1:colcon.colcon_core.package_identification:_identify(robot_hardware) by extensions ['colcon_meta']
[0.328s] Level 1:colcon.colcon_core.package_identification:_identify(robot_hardware) by extension 'colcon_meta'
[0.328s] Level 1:colcon.colcon_core.package_identification:_identify(robot_hardware) by extensions ['ros']
[0.328s] Level 1:colcon.colcon_core.package_identification:_identify(robot_hardware) by extension 'ros'
[0.328s] Level 1:colcon.colcon_core.package_identification:_identify(robot_hardware) by extensions ['cmake', 'python']
[0.328s] Level 1:colcon.colcon_core.package_identification:_identify(robot_hardware) by extension 'cmake'
[0.328s] Level 1:colcon.colcon_core.package_identification:_identify(robot_hardware) by extension 'python'
[0.329s] Level 1:colcon.colcon_core.package_identification:_identify(robot_hardware) by extensions ['python_setup_py']
[0.329s] Level 1:colcon.colcon_core.package_identification:_identify(robot_hardware) by extension 'python_setup_py'
[0.329s] Level 1:colcon.colcon_core.package_identification:_identify(robot_hardware/Lakibeam_ROS2_Driver) by extensions ['ignore', 'ignore_ament_install']
[0.329s] Level 1:colcon.colcon_core.package_identification:_identify(robot_hardware/Lakibeam_ROS2_Driver) by extension 'ignore'
[0.329s] Level 1:colcon.colcon_core.package_identification:_identify(robot_hardware/Lakibeam_ROS2_Driver) by extension 'ignore_ament_install'
[0.329s] Level 1:colcon.colcon_core.package_identification:_identify(robot_hardware/Lakibeam_ROS2_Driver) by extensions ['colcon_pkg']
[0.329s] Level 1:colcon.colcon_core.package_identification:_identify(robot_hardware/Lakibeam_ROS2_Driver) by extension 'colcon_pkg'
[0.329s] Level 1:colcon.colcon_core.package_identification:_identify(robot_hardware/Lakibeam_ROS2_Driver) by extensions ['colcon_meta']
[0.329s] Level 1:colcon.colcon_core.package_identification:_identify(robot_hardware/Lakibeam_ROS2_Driver) by extension 'colcon_meta'
[0.329s] Level 1:colcon.colcon_core.package_identification:_identify(robot_hardware/Lakibeam_ROS2_Driver) by extensions ['ros']
[0.329s] Level 1:colcon.colcon_core.package_identification:_identify(robot_hardware/Lakibeam_ROS2_Driver) by extension 'ros'
[0.329s] DEBUG:colcon.colcon_core.package_identification:Package 'robot_hardware/Lakibeam_ROS2_Driver' with type 'ros.ament_cmake' and name 'lakibeam1'
[0.329s] Level 1:colcon.colcon_core.package_identification:_identify(robot_hardware/rby1_gripper_driver) by extensions ['ignore', 'ignore_ament_install']
[0.329s] Level 1:colcon.colcon_core.package_identification:_identify(robot_hardware/rby1_gripper_driver) by extension 'ignore'
[0.329s] Level 1:colcon.colcon_core.package_identification:_identify(robot_hardware/rby1_gripper_driver) by extension 'ignore_ament_install'
[0.329s] Level 1:colcon.colcon_core.package_identification:_identify(robot_hardware/rby1_gripper_driver) by extensions ['colcon_pkg']
[0.329s] Level 1:colcon.colcon_core.package_identification:_identify(robot_hardware/rby1_gripper_driver) by extension 'colcon_pkg'
[0.329s] Level 1:colcon.colcon_core.package_identification:_identify(robot_hardware/rby1_gripper_driver) by extensions ['colcon_meta']
[0.329s] Level 1:colcon.colcon_core.package_identification:_identify(robot_hardware/rby1_gripper_driver) by extension 'colcon_meta'
[0.329s] Level 1:colcon.colcon_core.package_identification:_identify(robot_hardware/rby1_gripper_driver) by extensions ['ros']
[0.329s] Level 1:colcon.colcon_core.package_identification:_identify(robot_hardware/rby1_gripper_driver) by extension 'ros'
[0.329s] DEBUG:colcon.colcon_core.package_identification:Package 'robot_hardware/rby1_gripper_driver' with type 'ros.ament_python' and name 'rby1_gripper_driver'
[0.329s] Level 1:colcon.colcon_core.package_discovery:discover_packages(recursive) using defaults
